// Jest Snapshot v1, https://goo.gl/fbAQLP

exports[`CodeBlock renders snapshot of focused state 1`] = `
.emotion-0 {
  font-family: JetBrainsMonoNL,Menlo,Monaco,'Courier New',monospace;
  font-weight: 400;
  border-radius: 4px;
  margin: 0 2px;
  padding: 2px 4px;
  white-space: nowrap;
  mix-blend-mode: multiply;
  font-size: 12px;
  line-height: 1.5;
  color: #05192D;
  background-color: #EFEBE4;
  padding: 8px;
  margin: 0;
  tab-size: 4;
  white-space: pre;
  overflow-x: auto;
  outline: 0;
  box-shadow: 0 0 0 2px #009BD8;
}

<pre
  class="emotion-0"
  data-testid="code-block-element"
  tabindex="0"
>
  <code>
    test
  </code>
</pre>
`;

exports[`CodeBlock renders snapshot of inverted size large 1`] = `
.emotion-0 {
  font-family: JetBrainsMonoNL,Menlo,Monaco,'Courier New',monospace;
  font-weight: 400;
  border-radius: 4px;
  margin: 0 2px;
  padding: 2px 4px;
  white-space: nowrap;
  mix-blend-mode: regular;
  font-size: 14px;
  line-height: 1.5;
  color: #FFFFFF;
  background-color: rgba(255, 255, 255, 0.3);
  padding: 8px;
  margin: 0;
  tab-size: 4;
  white-space: pre;
  overflow-x: auto;
  outline: 0;
}

<pre
  class="emotion-0"
  tabindex="0"
>
  <code>
    test
  </code>
</pre>
`;

exports[`CodeBlock renders snapshot of inverted size medium 1`] = `
.emotion-0 {
  font-family: JetBrainsMonoNL,Menlo,Monaco,'Courier New',monospace;
  font-weight: 400;
  border-radius: 4px;
  margin: 0 2px;
  padding: 2px 4px;
  white-space: nowrap;
  mix-blend-mode: regular;
  font-size: 12px;
  line-height: 1.5;
  color: #FFFFFF;
  background-color: rgba(255, 255, 255, 0.3);
  padding: 8px;
  margin: 0;
  tab-size: 4;
  white-space: pre;
  overflow-x: auto;
  outline: 0;
}

<pre
  class="emotion-0"
  tabindex="0"
>
  <code>
    test
  </code>
</pre>
`;

exports[`CodeBlock renders snapshot of inverted size small 1`] = `
.emotion-0 {
  font-family: JetBrainsMonoNL,Menlo,Monaco,'Courier New',monospace;
  font-weight: 400;
  border-radius: 4px;
  margin: 0 2px;
  padding: 2px 4px;
  white-space: nowrap;
  mix-blend-mode: regular;
  font-size: 10px;
  line-height: 1.5;
  color: #FFFFFF;
  background-color: rgba(255, 255, 255, 0.3);
  padding: 8px;
  margin: 0;
  tab-size: 4;
  white-space: pre;
  overflow-x: auto;
  outline: 0;
}

<pre
  class="emotion-0"
  tabindex="0"
>
  <code>
    test
  </code>
</pre>
`;

exports[`CodeBlock renders snapshot of size large 1`] = `
.emotion-0 {
  font-family: JetBrainsMonoNL,Menlo,Monaco,'Courier New',monospace;
  font-weight: 400;
  border-radius: 4px;
  margin: 0 2px;
  padding: 2px 4px;
  white-space: nowrap;
  mix-blend-mode: multiply;
  font-size: 14px;
  line-height: 1.5;
  color: #05192D;
  background-color: #EFEBE4;
  padding: 8px;
  margin: 0;
  tab-size: 4;
  white-space: pre;
  overflow-x: auto;
  outline: 0;
}

<pre
  class="emotion-0"
  tabindex="0"
>
  <code>
    test
  </code>
</pre>
`;

exports[`CodeBlock renders snapshot of size medium 1`] = `
.emotion-0 {
  font-family: JetBrainsMonoNL,Menlo,Monaco,'Courier New',monospace;
  font-weight: 400;
  border-radius: 4px;
  margin: 0 2px;
  padding: 2px 4px;
  white-space: nowrap;
  mix-blend-mode: multiply;
  font-size: 12px;
  line-height: 1.5;
  color: #05192D;
  background-color: #EFEBE4;
  padding: 8px;
  margin: 0;
  tab-size: 4;
  white-space: pre;
  overflow-x: auto;
  outline: 0;
}

<pre
  class="emotion-0"
  tabindex="0"
>
  <code>
    test
  </code>
</pre>
`;

exports[`CodeBlock renders snapshot of size small 1`] = `
.emotion-0 {
  font-family: JetBrainsMonoNL,Menlo,Monaco,'Courier New',monospace;
  font-weight: 400;
  border-radius: 4px;
  margin: 0 2px;
  padding: 2px 4px;
  white-space: nowrap;
  mix-blend-mode: multiply;
  font-size: 10px;
  line-height: 1.5;
  color: #05192D;
  background-color: #EFEBE4;
  padding: 8px;
  margin: 0;
  tab-size: 4;
  white-space: pre;
  overflow-x: auto;
  outline: 0;
}

<pre
  class="emotion-0"
  tabindex="0"
>
  <code>
    test
  </code>
</pre>
`;
